CREATE EXTENSION test_logindex;
ERROR:  extension "test_logindex" already exists
SET client_min_messages TO 'error';
CHECKPOINT;
-- See README for explanation of arguments:
BEGIN;
SET TRANSACTION ISOLATION LEVEL SERIALIZABLE, READ ONLY, DEFERRABLE;
SELECT test_fullpage_logindex();
 test_fullpage_logindex 
------------------------
 
(1 row)

ABORT;
RESET client_min_messages;
