CREATE EXTENSION test_page_outdate;
-- See README for explanation of arguments:
SELECT test_page_outdate();
 test_page_outdate 
-------------------
 
(1 row)

