-- Test access privileges
--
--setup
create extension polar_monitor;
-- buffer monitor
select COUNT(*) >= 0 AS result from polar_normal_buffercache;
 result 
--------
 t
(1 row)

select COUNT(*) >= 0 AS result from polar_copy_buffercache;
 result 
--------
 t
(1 row)

select COUNT(polar_flushlist()) >= 0 As result;
 result 
--------
 t
(1 row)

select COUNT(polar_cbuf()) >= 0 As result;
 result 
--------
 t
(1 row)

--cleanup
drop extension polar_monitor;
