CREATE EXTENSION test_ringbuf;
-- See README for explanation of arguments:
SELECT test_ringbuf();
 test_ringbuf 
--------------
 
(1 row)

