-- Test polar_release_date
-- 
-- we can not show, because different versions may have different results.
-- show polar_release_date;
set polar_release_date="20150101";
ERROR:  parameter "polar_release_date" cannot be changed
-- show polar_release_date;
reset all;
-- show polar_release_date;
reset polar_release_date;
ERROR:  parameter "polar_release_date" cannot be changed
-- show polar_release_date;
